// Jest Snapshot v1, https://goo.gl/fbAQLP

exports[`renders correctly 1`] = `
<div
  className="App"
>
  <div
    className="display"
  >
    0
  </div>
  <div
    className="buttons_container"
  >
    <div
      className="buttonRow"
    >
      <button
        className="button undefined"
        onClick={[Function]}
        type="button"
      >
        AC
      </button>
      <button
        className="button undefined"
        onClick={[Function]}
        type="button"
      >
        -/+
      </button>
      <button
        className="button undefined"
        onClick={[Function]}
        type="button"
      >
        %
      </button>
      <button
        className="button bg-orange"
        onClick={[Function]}
        type="button"
      >
        รท
      </button>
    </div>
    <div
      className="buttonRow"
    >
      <button
        className="button undefined"
        onClick={[Function]}
        type="button"
      >
        7
      </button>
      <button
        className="button undefined"
        onClick={[Function]}
        type="button"
      >
        8
      </button>
      <button
        className="button undefined"
        onClick={[Function]}
        type="button"
      >
        9
      </button>
      <button
        className="button bg-orange"
        onClick={[Function]}
        type="button"
      >
        X
      </button>
    </div>
    <div
      className="buttonRow"
    >
      <button
        className="button undefined"
        onClick={[Function]}
        type="button"
      >
        4
      </button>
      <button
        className="button undefined"
        onClick={[Function]}
        type="button"
      >
        5
      </button>
      <button
        className="button undefined"
        onClick={[Function]}
        type="button"
      >
        6
      </button>
      <button
        className="button bg-orange"
        onClick={[Function]}
        type="button"
      >
        -
      </button>
    </div>
    <div
      className="buttonRow"
    >
      <button
        className="button undefined"
        onClick={[Function]}
        type="button"
      >
        1
      </button>
      <button
        className="button undefined"
        onClick={[Function]}
        type="button"
      >
        2
      </button>
      <button
        className="button undefined"
        onClick={[Function]}
        type="button"
      >
        3
      </button>
      <button
        className="button bg-orange"
        onClick={[Function]}
        type="button"
      >
        +
      </button>
    </div>
    <div
      className="buttonRow"
    >
      <button
        className="button fg-2"
        onClick={[Function]}
        type="button"
      >
        0
      </button>
      <button
        className="button undefined"
        onClick={[Function]}
        type="button"
      >
        .
      </button>
      <button
        className="button bg-orange"
        onClick={[Function]}
        type="button"
      >
        =
      </button>
    </div>
  </div>
</div>
`;
